\BOOKMARK [1][-]{section.art3.0}{\376\377\000A\000\040\000N\000o\000t\000e\000\040\000o\000n\000\040\000P\000r\000e\000r\000e\000q\000u\000i\000s\000i\000t\000e\000s}{}% 1
\BOOKMARK [1][-]{section.art3.1}{\376\377\000I\000n\000t\000r\000o\000d\000u\000c\000t\000i\000o\000n}{}% 2
\BOOKMARK [1][-]{section.art3.2}{\376\377\000I\000n\000t\000r\000o\000d\000u\000c\000t\000i\000o\000n\000\040\000t\000o\000\040\000C\000r\000y\000p\000t\000o\000g\000r\000a\000p\000h\000y}{}% 3
\BOOKMARK [2][-]{subsection.art3.2.1}{\376\377\000R\000S\000A}{section.art3.2}% 4
\BOOKMARK [2][-]{subsection.art3.2.2}{\376\377\000A\000l\000g\000o\000r\000i\000t\000h\000m\000\040\000o\000f\000\040\000R\000S\000A}{section.art3.2}% 5
\BOOKMARK [2][-]{subsection.art3.2.3}{\376\377\000H\000o\000w\000\040\000t\000o\000\040\000M\000a\000k\000e\000\040\000R\000S\000A\000\040\000I\000r\000r\000e\000l\000e\000v\000a\000n\000t\000?}{section.art3.2}% 6
\BOOKMARK [2][-]{subsection.art3.2.4}{\376\377\000I\000n\000t\000r\000o\000d\000u\000c\000t\000i\000o\000n\000\040\000t\000o\000\040\000S\000h\000o\000r\000'\000s\000\040\000A\000l\000g\000o\000r\000i\000t\000h\000m}{section.art3.2}% 7
\BOOKMARK [1][-]{section.art3.3}{\376\377\000I\000n\000t\000r\000o\000d\000u\000c\000t\000i\000o\000n\000\040\000t\000o\000\040\000t\000h\000e\000\040\000W\000o\000r\000l\000d\000\040\000o\000f\000\040\000Q\000u\000a\000n\000t\000u\000m\000\040\000C\000o\000m\000p\000u\000t\000i\000n\000g}{}% 8
\BOOKMARK [2][-]{subsection.art3.3.1}{\376\377\000T\000h\000e\000\040\000M\000a\000t\000h\000e\000m\000a\000t\000i\000c\000s\000\040\000o\000f\000\040\000Q\000u\000a\000n\000t\000u\000m\000\040\000S\000t\000a\000t\000e\000s}{section.art3.3}% 9
\BOOKMARK [2][-]{subsection.art3.3.2}{\376\377\000F\000r\000o\000m\000\040\000T\000h\000e\000o\000r\000y\000\040\000t\000o\000\040\000H\000a\000r\000d\000w\000a\000r\000e\000:\000\040\000B\000u\000i\000l\000d\000i\000n\000g\000\040\000a\000\040\000Q\000u\000b\000i\000t}{section.art3.3}% 10
\BOOKMARK [1][-]{section.art3.4}{\376\377\000S\000h\000o\000r\000'\000s\000\040\000A\000l\000g\000o\000r\000i\000t\000h\000m\000:\000\040\000A\000\040\000S\000t\000e\000p\000-\000b\000y\000-\000S\000t\000e\000p\000\040\000W\000a\000l\000k\000t\000h\000r\000o\000u\000g\000h}{}% 11
\BOOKMARK [2][-]{subsection.art3.4.1}{\376\377\000I\000n\000i\000t\000i\000a\000l\000i\000z\000a\000t\000i\000o\000n}{section.art3.4}% 12
\BOOKMARK [2][-]{subsection.art3.4.2}{\376\377\000M\000a\000k\000i\000n\000g\000\040\000t\000h\000e\000\040\000B\000a\000d\000\040\000G\000u\000e\000s\000s\000\040\000a\000\040\000B\000e\000t\000t\000e\000r\000\040\000G\000u\000e\000s\000s}{section.art3.4}% 13
\BOOKMARK [2][-]{subsection.art3.4.3}{\376\377\000T\000h\000e\000\040\000Q\000u\000a\000n\000t\000u\000m\000\040\000S\000u\000b\000r\000o\000u\000t\000i\000n\000e\000\040\000o\000f\000\040\000S\000h\000o\000r\000'\000s\000\040\000A\000l\000g\000o\000r\000i\000t\000h\000m}{section.art3.4}% 14
\BOOKMARK [3][-]{subsubsection.art3.4.3.1}{\376\377\000I\000n\000i\000t\000i\000a\000l\000i\000z\000a\000t\000i\000o\000n}{subsection.art3.4.3}% 15
\BOOKMARK [3][-]{subsubsection.art3.4.3.2}{\376\377\000H\000a\000d\000a\000m\000a\000r\000d\000\040\000T\000r\000a\000n\000s\000f\000o\000r\000m}{subsection.art3.4.3}% 16
\BOOKMARK [3][-]{subsubsection.art3.4.3.3}{\376\377\000U}{subsection.art3.4.3}% 17
\BOOKMARK [3][-]{subsubsection.art3.4.3.4}{\376\377\000T\000h\000e\000\040\000P\000e\000r\000i\000o\000d\000i\000c\000i\000t\000y\000,\000\040\000a\000.\000k\000.\000a\000.\000\040\000r}{subsection.art3.4.3}% 18
\BOOKMARK [3][-]{subsubsection.art3.4.3.5}{\376\377\000C\000o\000n\000t\000i\000n\000u\000e\000d\000\040\000F\000r\000a\000c\000t\000i\000o\000n\000\040\000A\000l\000g\000o\000r\000i\000t\000h\000m\000\040\000\050\000C\000F\000A\000\051}{subsection.art3.4.3}% 19
\BOOKMARK [1][-]{section.art3.5}{\376\377\000F\000i\000n\000a\000l\000\040\000T\000h\000o\000u\000g\000h\000t\000s\000:\000\040\000D\000o\000e\000s\000\040\000S\000h\000o\000r\000'\000s\000\040\000A\000l\000g\000o\000r\000i\000t\000h\000m\000\040\000R\000e\000a\000l\000l\000y\000\040\000B\000r\000e\000a\000k\000\040\000R\000S\000A\000?}{}% 20
\BOOKMARK [1][-]{section.art4.1}{\376\377\000I\000n\000t\000r\000o\000d\000u\000c\000t\000i\000o\000n\000:\000\040\000H\000o\000w\000\040\000C\000a\000n\000\040\000a\000n\000\040\000U\000n\000r\000e\000l\000i\000a\000b\000l\000e\000\040\000C\000h\000a\000n\000n\000e\000l\000\040\000C\000a\000r\000r\000y\000\040\000a\000\040\000R\000e\000l\000i\000a\000b\000l\000e\000\040\000M\000e\000s\000s\000a\000g\000e\000?}{}% 21
\BOOKMARK [2][-]{subsection.art4.1.1}{\376\377\000A\000\040\000M\000e\000s\000s\000a\000g\000e\000\040\000D\000a\000m\000a\000g\000e\000d\000\040\000i\000n\000\040\000T\000r\000a\000n\000s\000i\000t}{section.art4.1}% 22
\BOOKMARK [2][-]{subsection.art4.1.2}{\376\377\000T\000h\000e\000\040\000P\000r\000i\000c\000e\000\040\000o\000f\000\040\000R\000e\000l\000i\000a\000b\000i\000l\000i\000t\000y}{section.art4.1}% 23
\BOOKMARK [2][-]{subsection.art4.1.3}{\376\377\000T\000h\000e\000\040\000D\000e\000s\000t\000i\000n\000a\000t\000i\000o\000n\000:\000\040\000S\000h\000a\000n\000n\000o\000n\000'\000s\000\040\000A\000n\000s\000w\000e\000r\000\040\000a\000n\000d\000\040\000A\000r\001\061\000k\000a\000n\000'\000s\000\040\000C\000o\000n\000s\000t\000r\000u\000c\000t\000i\000o\000n}{section.art4.1}% 24
\BOOKMARK [1][-]{section.art4.2}{\376\377\000W\000h\000a\000t\000\040\000a\000\040\000S\000i\000m\000p\000l\000e\000\040\000C\000o\000d\000e\000\040\000T\000e\000a\000c\000h\000e\000s\000\040\000U\000s}{}% 25
\BOOKMARK [2][-]{subsection.art4.2.1}{\376\377\000T\000h\000e\000\040\000C\000o\000m\000m\000u\000n\000i\000c\000a\000t\000i\000o\000n\000\040\000S\000y\000s\000t\000e\000m}{section.art4.2}% 26
\BOOKMARK [2][-]{subsection.art4.2.2}{\376\377\000A\000\040\000P\000r\000e\000c\000i\000s\000e\000\040\000N\000o\000i\000s\000e\000\040\000M\000o\000d\000e\000l\000:\000\040\000T\000h\000e\000\040\000B\000i\000n\000a\000r\000y\000\040\000S\000y\000m\000m\000e\000t\000r\000i\000c\000\040\000C\000h\000a\000n\000n\000e\000l}{section.art4.2}% 27
\BOOKMARK [2][-]{subsection.art4.2.3}{\376\377\000R\000a\000t\000e\000\040\000a\000n\000d\000\040\000t\000h\000e\000\040\000R\000e\000d\000u\000n\000d\000a\000n\000c\000y\000\040\000T\000r\000a\000d\000e\000-\000O\000f\000f}{section.art4.2}% 28
\BOOKMARK [2][-]{subsection.art4.2.4}{\376\377\000H\000a\000m\000m\000i\000n\000g\000\040\000D\000i\000s\000t\000a\000n\000c\000e\000\040\000a\000n\000d\000\040\000M\000i\000n\000i\000m\000u\000m\000-\000D\000i\000s\000t\000a\000n\000c\000e\000\040\000D\000e\000c\000o\000d\000i\000n\000g}{section.art4.2}% 29
\BOOKMARK [2][-]{subsection.art4.2.5}{\376\377\000W\000h\000y\000\040\000L\000i\000n\000e\000a\000r\000\040\000S\000t\000r\000u\000c\000t\000u\000r\000e\000\040\000I\000s\000\040\000U\000s\000e\000f\000u\000l}{section.art4.2}% 30
\BOOKMARK [1][-]{section.art4.3}{\376\377\000S\000h\000a\000n\000n\000o\000n\000'\000s\000\040\000A\000n\000s\000w\000e\000r\000:\000\040\000T\000h\000e\000\040\000C\000a\000p\000a\000c\000i\000t\000y\000\040\000o\000f\000\040\000t\000h\000e\000\040\000B\000i\000n\000a\000r\000y\000\040\000S\000y\000m\000m\000e\000t\000r\000i\000c\000\040\000C\000h\000a\000n\000n\000e\000l}{}% 31
\BOOKMARK [2][-]{subsection.art4.3.1}{\376\377\000W\000h\000a\000t\000\040\000T\000y\000p\000i\000c\000a\000l\000\040\000N\000o\000i\000s\000e\000\040\000L\000o\000o\000k\000s\000\040\000L\000i\000k\000e}{section.art4.3}% 32
\BOOKMARK [2][-]{subsection.art4.3.2}{\376\377\000C\000o\000u\000n\000t\000i\000n\000g\000\040\000L\000i\000k\000e\000l\000y\000\040\000N\000o\000i\000s\000e\000\040\000P\000a\000t\000t\000e\000r\000n\000s\000:\000\040\000B\000i\000n\000a\000r\000y\000\040\000E\000n\000t\000r\000o\000p\000y}{section.art4.3}% 33
\BOOKMARK [2][-]{subsection.art4.3.3}{\376\377\000F\000r\000o\000m\000\040\000C\000o\000u\000n\000t\000i\000n\000g\000\040\000t\000o\000\040\000t\000h\000e\000\040\000B\000S\000C\000\040\000C\000a\000p\000a\000c\000i\000t\000y}{section.art4.3}% 34
\BOOKMARK [2][-]{subsection.art4.3.4}{\376\377\000F\000r\000o\000m\000\040\000t\000h\000e\000\040\000B\000S\000C\000\040\000t\000o\000\040\000G\000e\000n\000e\000r\000a\000l\000\040\000C\000h\000a\000n\000n\000e\000l\000s}{section.art4.3}% 35
\BOOKMARK [1][-]{section.art4.4}{\376\377\000P\000o\000l\000a\000r\000\040\000C\000o\000d\000e\000s\000:\000\040\000C\000r\000e\000a\000t\000i\000n\000g\000\040\000G\000o\000o\000d\000\040\000a\000n\000d\000\040\000B\000a\000d\000\040\000S\000y\000n\000t\000h\000e\000t\000i\000c\000\040\000C\000h\000a\000n\000n\000e\000l\000s}{}% 36
\BOOKMARK [2][-]{subsection.art4.4.1}{\376\377\000T\000h\000e\000\040\000T\000w\000o\000-\000B\000i\000t\000\040\000T\000r\000a\000n\000s\000f\000o\000r\000m\000:\000\040\000A\000n\000\040\000I\000n\000f\000o\000r\000m\000a\000t\000i\000o\000n\000-\000T\000h\000e\000o\000r\000e\000t\000i\000c\000\040\000P\000r\000e\000v\000i\000e\000w}{section.art4.4}% 37
\BOOKMARK [2][-]{subsection.art4.4.2}{\376\377\000A\000\040\000W\000o\000r\000k\000e\000d\000\040\000E\000x\000a\000m\000p\000l\000e\000:\000\040\000T\000h\000e\000\040\000B\000i\000n\000a\000r\000y\000\040\000E\000r\000a\000s\000u\000r\000e\000\040\000C\000h\000a\000n\000n\000e\000l}{section.art4.4}% 38
\BOOKMARK [3][-]{subsubsection.art4.4.2.1}{\376\377\000T\000h\000e\000\040\000T\000w\000o\000-\000B\000i\000t\000\040\000B\000u\000i\000l\000d\000i\000n\000g\000\040\000B\000l\000o\000c\000k}{subsection.art4.4.2}% 39
\BOOKMARK [3][-]{subsubsection.art4.4.2.2}{\376\377\000E\000x\000p\000a\000n\000d\000i\000n\000g\000\040\000t\000h\000e\000\040\000C\000o\000n\000s\000t\000r\000u\000c\000t\000i\000o\000n\000\040\000t\000o\000\040\000F\000o\000u\000r\000\040\000B\000i\000t\000s}{subsection.art4.4.2}% 40
\BOOKMARK [2][-]{subsection.art4.4.3}{\376\377\000F\000r\000o\000m\000\040\000R\000e\000c\000u\000r\000s\000i\000o\000n\000\040\000t\000o\000\040\000a\000\040\000P\000o\000l\000a\000r\000\040\000C\000o\000d\000e}{section.art4.4}% 41
\BOOKMARK [2][-]{subsection.art4.4.4}{\376\377\000S\000u\000c\000c\000e\000s\000s\000i\000v\000e\000-\000C\000a\000n\000c\000e\000l\000l\000a\000t\000i\000o\000n\000\040\000D\000e\000c\000o\000d\000i\000n\000g}{section.art4.4}% 42
\BOOKMARK [2][-]{subsection.art4.4.5}{\376\377\000W\000h\000a\000t\000\040\000t\000h\000e\000\040\000P\000o\000l\000a\000r\000-\000C\000o\000d\000i\000n\000g\000\040\000T\000h\000e\000o\000r\000e\000m\000\040\000D\000o\000e\000s\000\040\000a\000n\000d\000\040\000D\000o\000e\000s\000\040\000N\000o\000t\000\040\000C\000l\000a\000i\000m}{section.art4.4}% 43
\BOOKMARK [1][-]{section.art4.5}{\376\377\000C\000o\000n\000c\000l\000u\000s\000i\000o\000n}{}% 44
\BOOKMARK [1][-]{section.art5.1}{\376\377\000I\000n\000t\000r\000o\000d\000u\000c\000i\000n\000g\000\040\000t\000h\000e\000\040\000G\000o\000l\000f\000\040\000B\000a\000l\000l\000\040\000S\000y\000s\000t\000e\000m\000\040\000\050\000q\0001\000,\000q\0002\000,\000q\0003\000\051}{}% 45
\BOOKMARK [1][-]{section.art5.2}{\376\377\000A\000\040\000P\000r\000i\000m\000e\000r\000\040\000o\000n\000\040\000L\000a\000g\000r\000a\000n\000g\000i\000a\000n\000\040\000M\000e\000c\000h\000a\000n\000i\000c\000s}{}% 46
\BOOKMARK [2][-]{subsection.art5.2.1}{\376\377\000M\000o\000t\000i\000v\000a\000t\000i\000o\000n}{section.art5.2}% 47
\BOOKMARK [2][-]{subsection.art5.2.2}{\376\377\000T\000h\000e\000\040\000P\000r\000i\000n\000c\000i\000p\000l\000e\000\040\000o\000f\000\040\000S\000t\000a\000t\000i\000o\000n\000a\000r\000y\000\040\000A\000c\000t\000i\000o\000n\000\040\000a\000n\000d\000\040\000C\000a\000l\000c\000u\000l\000u\000s\000\040\000o\000f\000\040\000V\000a\000r\000i\000a\000t\000i\000o\000n\000s}{section.art5.2}% 48
\BOOKMARK [1][-]{section.art5.3}{\376\377\000F\000o\000r\000m\000u\000l\000a\000t\000i\000o\000n\000\040\000o\000f\000\040\000t\000h\000e\000\040\000M\000i\000n\000i\000-\000G\000o\000l\000f\000\040\000P\000r\000o\000b\000l\000e\000m}{}% 49
\BOOKMARK [1][-]{section.art5.4}{\376\377\000E\000x\000a\000m\000p\000l\000e\000s\000\040\000o\000f\000\040\000A\000n\000a\000l\000y\000t\000i\000c\000\040\000S\000o\000l\000u\000t\000i\000o\000n\000s\000\040\000o\000f\000\040\000t\000h\000e\000\040\000F\000o\000r\000c\000e\000d\000\040\000G\000o\000l\000f\000b\000a\000l\000l\000\040\000G\000e\000o\000d\000e\000s\000i\000c\000\040\000S\000y\000s\000t\000e\000m}{}% 50
\BOOKMARK [2][-]{subsection.art5.4.1}{\376\377\000T\000h\000e\000\040\000B\000o\000r\000i\000n\000g\000\040\000G\000o\000l\000f\000-\000C\000o\000u\000r\000s\000e\000:\000\040\000h\000\050\000q\0001\000,\000q\0002\000\051\000=\0000}{section.art5.4}% 51
\BOOKMARK [2][-]{subsection.art5.4.2}{\376\377\000A\000\040\000S\000l\000i\000g\000h\000t\000l\000y\000\040\000L\000e\000s\000s\000-\000B\000o\000r\000i\000n\000g\000\040\000G\000o\000l\000f\000\040\000C\000o\000u\000r\000s\000e\000:\000\040\000h\000\050\000q\0001\000,\000q\0002\000\051\000=\000q\0001\000\040\000+\000\040\000q\0002}{section.art5.4}% 52
\BOOKMARK [1][-]{section.art5.5}{\376\377\000I\000n\000v\000e\000s\000t\000i\000g\000a\000t\000i\000n\000g\000\040\000m\000o\000r\000e\000\040\000C\000o\000m\000p\000l\000e\000x\000\040\000G\000e\000o\000m\000e\000t\000r\000i\000e\000s\000\040\000N\000u\000m\000e\000r\000i\000c\000a\000l\000l\000y}{}% 53
\BOOKMARK [1][-]{section.art5.6}{\376\377\000C\000o\000n\000c\000l\000u\000s\000i\000o\000n}{}% 54
\BOOKMARK [1][-]{appendix.A}{\376\377\000P\000y\000t\000h\000o\000n\000\040\000S\000i\000m\000u\000l\000a\000t\000i\000o\000n\000\040\000C\000o\000d\000e}{}% 55
\BOOKMARK [1][-]{section*.25}{\376\377\000R\000e\000f\000e\000r\000e\000n\000c\000e\000s}{}% 56
\BOOKMARK [1][-]{appendix.art6.1}{\376\377\000I\000n\000t\000r\000o\000d\000u\000c\000t\000i\000o\000n}{}% 57
\BOOKMARK [2][-]{subsection.art6.1.1}{\376\377\000F\000r\000o\000m\000\040\000c\000o\000u\000n\000t\000i\000n\000g\000\040\000r\000o\000o\000t\000s\000\040\000t\000o\000\040\000c\000o\000u\000n\000t\000i\000n\000g\000\040\000z\000e\000r\000o\000s\000\040\000a\000n\000d\000\040\000p\000o\000l\000e\000s}{appendix.art6.1}% 58
\BOOKMARK [2][-]{subsection.art6.1.2}{\376\377\000T\000h\000e\000\040\000t\000h\000r\000e\000e\000\040\000o\000b\000j\000e\000c\000t\000s\000,\000\040\000i\000n\000f\000o\000r\000m\000a\000l\000l\000y}{appendix.art6.1}% 59
\BOOKMARK [2][-]{subsection.art6.1.3}{\376\377\000S\000t\000a\000t\000e\000m\000e\000n\000t\000\040\000o\000f\000\040\000r\000e\000s\000u\000l\000t\000s}{appendix.art6.1}% 60
\BOOKMARK [2][-]{subsection.art6.1.4}{\376\377\000P\000r\000e\000r\000e\000q\000u\000i\000s\000i\000t\000e\000s\000\040\000a\000n\000d\000\040\000o\000u\000t\000l\000i\000n\000e}{appendix.art6.1}% 61
\BOOKMARK [1][-]{appendix.art6.2}{\376\377\000P\000r\000e\000l\000i\000m\000i\000n\000a\000r\000i\000e\000s\000\040\000f\000r\000o\000m\000\040\000a\000l\000g\000e\000b\000r\000a\000\040\000a\000n\000d\000\040\000c\000o\000m\000p\000l\000e\000x\000\040\000a\000n\000a\000l\000y\000s\000i\000s}{}% 62
\BOOKMARK [2][-]{subsection.art6.2.1}{\376\377\000T\000h\000e\000\040\000p\000o\000l\000y\000n\000o\000m\000i\000a\000l\000\040\000r\000i\000n\000g\000\040\000a\000n\000d\000\040\000t\000h\000e\000\040\000r\000a\000t\000i\000o\000n\000a\000l\000\040\000f\000u\000n\000c\000t\000i\000o\000n\000\040\000f\000i\000e\000l\000d}{appendix.art6.2}% 63
\BOOKMARK [2][-]{subsection.art6.2.2}{\376\377\000L\000a\000u\000r\000e\000n\000t\000\040\000e\000x\000p\000a\000n\000s\000i\000o\000n\000s\000,\000\040\000p\000o\000l\000e\000s\000,\000\040\000a\000n\000d\000\040\000m\000e\000r\000o\000m\000o\000r\000p\000h\000i\000c\000\040\000f\000u\000n\000c\000t\000i\000o\000n\000s}{appendix.art6.2}% 64
\BOOKMARK [2][-]{subsection.art6.2.3}{\376\377\000L\000o\000c\000a\000l\000\040\000f\000a\000c\000t\000o\000r\000i\000s\000a\000t\000i\000o\000n\000\040\000a\000n\000d\000\040\000t\000h\000e\000\040\000l\000o\000c\000a\000l\000\040\000o\000r\000d\000e\000r}{appendix.art6.2}% 65
\BOOKMARK [1][-]{appendix.art6.3}{\376\377\000T\000h\000e\000\040\000R\000i\000e\000m\000a\000n\000n\000\040\000s\000p\000h\000e\000r\000e\000\040\000a\000n\000d\000\040\000t\000h\000e\000\040\000p\000r\000o\000j\000e\000c\000t\000i\000v\000e\000\040\000l\000i\000n\000e}{}% 66
\BOOKMARK [2][-]{subsection.art6.3.1}{\376\377\000T\000h\000e\000\040\000c\000o\000m\000p\000l\000e\000x\000\040\000p\000r\000o\000j\000e\000c\000t\000i\000v\000e\000\040\000l\000i\000n\000e}{appendix.art6.3}% 67
\BOOKMARK [2][-]{subsection.art6.3.2}{\376\377\000T\000h\000e\000\040\000s\000t\000a\000n\000d\000a\000r\000d\000\040\000a\000f\000f\000i\000n\000e\000\040\000c\000h\000a\000r\000t\000s}{appendix.art6.3}% 68
\BOOKMARK [2][-]{subsection.art6.3.3}{\376\377\000T\000h\000e\000\040\000p\000o\000i\000n\000t\000\040\000a\000t\000\040\000i\000n\000f\000i\000n\000i\000t\000y}{appendix.art6.3}% 69
\BOOKMARK [2][-]{subsection.art6.3.4}{\376\377\000M\000e\000r\000o\000m\000o\000r\000p\000h\000i\000c\000\040\000f\000u\000n\000c\000t\000i\000o\000n\000s\000\040\000o\000n\000\040\000C\000P\0001}{appendix.art6.3}% 70
\BOOKMARK [1][-]{appendix.art6.4}{\376\377\000O\000r\000d\000e\000r\000s\000\040\000a\000n\000d\000\040\000d\000i\000v\000i\000s\000o\000r\000s\000\040\000o\000n\000\040\000C\000P\0001}{}% 71
\BOOKMARK [2][-]{subsection.art6.4.1}{\376\377\000L\000o\000c\000a\000l\000\040\000p\000a\000r\000a\000m\000e\000t\000e\000r\000s\000\040\000a\000n\000d\000\040\000t\000h\000e\000\040\000o\000r\000d\000e\000r\000\040\000a\000t\000\040\000a\000\040\000p\000o\000i\000n\000t}{appendix.art6.4}% 72
\BOOKMARK [2][-]{subsection.art6.4.2}{\376\377\000T\000h\000e\000\040\000d\000i\000v\000i\000s\000o\000r\000\040\000g\000r\000o\000u\000p}{appendix.art6.4}% 73
\BOOKMARK [2][-]{subsection.art6.4.3}{\376\377\000T\000h\000e\000\040\000d\000i\000v\000i\000s\000o\000r\000\040\000o\000f\000\040\000a\000\040\000r\000a\000t\000i\000o\000n\000a\000l\000\040\000f\000u\000n\000c\000t\000i\000o\000n}{appendix.art6.4}% 74
\BOOKMARK [2][-]{subsection.art6.4.4}{\376\377\000P\000r\000i\000n\000c\000i\000p\000a\000l\000\040\000d\000i\000v\000i\000s\000o\000r\000s}{appendix.art6.4}% 75
\BOOKMARK [1][-]{appendix.art6.5}{\376\377\000T\000h\000e\000\040\000t\000w\000o\000\040\000e\000x\000a\000c\000t\000\040\000s\000e\000q\000u\000e\000n\000c\000e\000s}{}% 76
\BOOKMARK [2][-]{subsection.art6.5.1}{\376\377\000T\000h\000e\000\040\000k\000e\000r\000n\000e\000l\000\040\000o\000f\000\040\000t\000h\000e\000\040\000d\000i\000v\000i\000s\000o\000r\000\040\000m\000a\000p}{appendix.art6.5}% 77
\BOOKMARK [2][-]{subsection.art6.5.2}{\376\377\000T\000h\000e\000\040\000f\000i\000r\000s\000t\000\040\000e\000x\000a\000c\000t\000\040\000s\000e\000q\000u\000e\000n\000c\000e}{appendix.art6.5}% 78
\BOOKMARK [2][-]{subsection.art6.5.3}{\376\377\000L\000i\000n\000e\000a\000r\000\040\000e\000q\000u\000i\000v\000a\000l\000e\000n\000c\000e\000\040\000a\000n\000d\000\040\000t\000h\000e\000\040\000d\000i\000v\000i\000s\000o\000r\000\040\000c\000l\000a\000s\000s\000\040\000g\000r\000o\000u\000p}{appendix.art6.5}% 79
\BOOKMARK [2][-]{subsection.art6.5.4}{\376\377\000T\000h\000e\000\040\000s\000e\000c\000o\000n\000d\000\040\000e\000x\000a\000c\000t\000\040\000s\000e\000q\000u\000e\000n\000c\000e}{appendix.art6.5}% 80
\BOOKMARK [1][-]{appendix.art6.6}{\376\377\000P\000r\000i\000n\000c\000i\000p\000a\000l\000\040\000d\000i\000v\000i\000s\000o\000r\000s\000\040\000a\000n\000d\000\040\000d\000e\000g\000r\000e\000e}{}% 81
\BOOKMARK [2][-]{subsection.art6.6.1}{\376\377\000E\000v\000e\000r\000y\000\040\000p\000r\000i\000n\000c\000i\000p\000a\000l\000\040\000d\000i\000v\000i\000s\000o\000r\000\040\000h\000a\000s\000\040\000d\000e\000g\000r\000e\000e\000\040\000z\000e\000r\000o}{appendix.art6.6}% 82
\BOOKMARK [2][-]{subsection.art6.6.2}{\376\377\000E\000v\000e\000r\000y\000\040\000d\000i\000v\000i\000s\000o\000r\000\040\000o\000f\000\040\000d\000e\000g\000r\000e\000e\000\040\000z\000e\000r\000o\000\040\000i\000s\000\040\000p\000r\000i\000n\000c\000i\000p\000a\000l}{appendix.art6.6}% 83
\BOOKMARK [2][-]{subsection.art6.6.3}{\376\377\000T\000h\000e\000\040\000m\000a\000i\000n\000\040\000t\000h\000e\000o\000r\000e\000m}{appendix.art6.6}% 84
\BOOKMARK [1][-]{appendix.art6.7}{\376\377\000T\000h\000e\000\040\000d\000i\000v\000i\000s\000o\000r\000\040\000c\000l\000a\000s\000s\000\040\000g\000r\000o\000u\000p}{}% 85
\BOOKMARK [2][-]{subsection.art6.7.1}{\376\377\000T\000h\000e\000\040\000d\000e\000g\000r\000e\000e\000\040\000d\000e\000s\000c\000e\000n\000d\000s\000\040\000t\000o\000\040\000c\000l\000a\000s\000s\000e\000s}{appendix.art6.7}% 86
\BOOKMARK [2][-]{subsection.art6.7.2}{\376\377\000T\000h\000e\000\040\000s\000a\000m\000e\000\040\000c\000o\000m\000p\000u\000t\000a\000t\000i\000o\000n\000,\000\040\000p\000a\000c\000k\000a\000g\000e\000d}{appendix.art6.7}% 87
\BOOKMARK [2][-]{subsection.art6.7.3}{\376\377\000N\000o\000r\000m\000a\000l\000\040\000f\000o\000r\000m\000\040\000a\000n\000d\000\040\000i\000n\000t\000e\000r\000p\000r\000e\000t\000a\000t\000i\000o\000n}{appendix.art6.7}% 88
\BOOKMARK [1][-]{appendix.art6.8}{\376\377\000T\000h\000e\000\040\000P\000i\000c\000a\000r\000d\000\040\000g\000r\000o\000u\000p}{}% 89
\BOOKMARK [2][-]{subsection.art6.8.1}{\376\377\000L\000i\000n\000e\000\040\000b\000u\000n\000d\000l\000e\000s\000\040\000b\000y\000\040\000t\000r\000a\000n\000s\000i\000t\000i\000o\000n\000\040\000f\000u\000n\000c\000t\000i\000o\000n\000s}{appendix.art6.8}% 90
\BOOKMARK [2][-]{subsection.art6.8.2}{\376\377\000W\000i\000n\000d\000i\000n\000g\000\040\000n\000u\000m\000b\000e\000r\000s\000\040\000a\000n\000d\000\040\000t\000h\000e\000\040\000c\000l\000a\000s\000s\000i\000f\000i\000c\000a\000t\000i\000o\000n\000\040\000o\000f\000\040\000t\000r\000a\000n\000s\000i\000t\000i\000o\000n\000\040\000f\000u\000n\000c\000t\000i\000o\000n\000s}{appendix.art6.8}% 91
\BOOKMARK [2][-]{subsection.art6.8.3}{\376\377\000T\000h\000e\000\040\000l\000i\000n\000e\000\040\000b\000u\000n\000d\000l\000e\000\040\000o\000f\000\040\000a\000\040\000d\000i\000v\000i\000s\000o\000r}{appendix.art6.8}% 92
\BOOKMARK [2][-]{subsection.art6.8.4}{\376\377\000T\000h\000e\000\040\000P\000i\000c\000a\000r\000d\000\040\000g\000r\000o\000u\000p\000\040\000o\000f\000\040\000C\000P\0001}{appendix.art6.8}% 93
\BOOKMARK [1][-]{appendix.art6.9}{\376\377\000S\000u\000m\000m\000a\000r\000y}{}% 94
\BOOKMARK [1][-]{appendix.art6.10}{\376\377\000F\000u\000t\000u\000r\000e\000\040\000d\000i\000r\000e\000c\000t\000i\000o\000n\000s}{}% 95
\BOOKMARK [1][-]{section*.27}{\376\377\000R\000e\000f\000e\000r\000e\000n\000c\000e\000s}{}% 96
\BOOKMARK [1][-]{appendix.art7.1}{\376\377\000P\000r\000e\000l\000i\000m\000i\000n\000a\000r\000i\000e\000s}{}% 97
\BOOKMARK [2][-]{subsection.art7.1.1}{\376\377\000D\000i\000s\000t\000r\000i\000b\000u\000t\000e\000d\000\040\000N\000e\000t\000w\000o\000r\000k\000s\000\040\000a\000s\000\040\000G\000r\000a\000p\000h\000s}{appendix.art7.1}% 98
\BOOKMARK [2][-]{subsection.art7.1.2}{\376\377\000T\000r\000a\000n\000s\000i\000t\000i\000o\000n\000\040\000S\000y\000s\000t\000e\000m\000s}{appendix.art7.1}% 99
\BOOKMARK [2][-]{subsection.art7.1.3}{\376\377\000S\000y\000n\000c\000h\000r\000o\000n\000y\000\040\000M\000o\000d\000e\000l\000s}{appendix.art7.1}% 100
\BOOKMARK [2][-]{subsection.art7.1.4}{\376\377\000L\000o\000g\000i\000c\000a\000l\000\040\000T\000i\000m\000e}{appendix.art7.1}% 101
\BOOKMARK [1][-]{appendix.art7.2}{\376\377\000M\000o\000t\000i\000v\000a\000t\000i\000o\000n\000:\000\040\000W\000h\000y\000\040\000A\000g\000r\000e\000e\000m\000e\000n\000t\000\040\000I\000s\000\040\000H\000a\000r\000d}{}% 102
\BOOKMARK [1][-]{appendix.art7.3}{\376\377\000L\000i\000t\000e\000r\000a\000t\000u\000r\000e\000\040\000a\000n\000d\000\040\000P\000r\000o\000b\000l\000e\000m\000\040\000S\000t\000a\000t\000e\000m\000e\000n\000t}{}% 103
\BOOKMARK [1][-]{appendix.art7.4}{\376\377\000T\000h\000e\000\040\000M\000a\000i\000n\000\040\000R\000e\000s\000u\000l\000t\000:\000\040\000F\000L\000P\000\040\000I\000m\000p\000o\000s\000s\000i\000b\000i\000l\000i\000t\000y}{}% 104
\BOOKMARK [1][-]{appendix.art7.5}{\376\377\000P\000r\000o\000o\000f\000\040\000o\000f\000\040\000t\000h\000e\000\040\000F\000L\000P\000\040\000T\000h\000e\000o\000r\000e\000m}{}% 105
\BOOKMARK [2][-]{subsection.art7.5.1}{\376\377\000S\000e\000t\000u\000p\000\040\000a\000n\000d\000\040\000K\000e\000y\000\040\000D\000e\000f\000i\000n\000i\000t\000i\000o\000n\000s}{appendix.art7.5}% 106
\BOOKMARK [2][-]{subsection.art7.5.2}{\376\377\000T\000h\000e\000\040\000P\000r\000o\000o\000f}{appendix.art7.5}% 107
\BOOKMARK [2][-]{subsection.art7.5.3}{\376\377\000W\000h\000a\000t\000\040\000F\000L\000P\000\040\000D\000o\000e\000s\000\040\000N\000o\000t\000\040\000S\000a\000y}{appendix.art7.5}% 108
\BOOKMARK [1][-]{appendix.art7.6}{\376\377\000P\000a\000x\000o\000s\000:\000\040\000E\000n\000g\000i\000n\000e\000e\000r\000i\000n\000g\000\040\000A\000r\000o\000u\000n\000d\000\040\000I\000m\000p\000o\000s\000s\000i\000b\000i\000l\000i\000t\000y}{}% 109
\BOOKMARK [2][-]{subsection.art7.6.1}{\376\377\000T\000h\000e\000\040\000S\000e\000t\000t\000i\000n\000g}{appendix.art7.6}% 110
\BOOKMARK [2][-]{subsection.art7.6.2}{\376\377\000T\000h\000e\000\040\000P\000r\000o\000t\000o\000c\000o\000l}{appendix.art7.6}% 111
\BOOKMARK [2][-]{subsection.art7.6.3}{\376\377\000S\000a\000f\000e\000t\000y\000\040\000o\000f\000\040\000P\000a\000x\000o\000s}{appendix.art7.6}% 112
\BOOKMARK [2][-]{subsection.art7.6.4}{\376\377\000R\000e\000a\000l\000-\000W\000o\000r\000l\000d\000\040\000D\000e\000p\000l\000o\000y\000m\000e\000n\000t\000s}{appendix.art7.6}% 113
\BOOKMARK [1][-]{appendix.art7.7}{\376\377\000F\000u\000t\000u\000r\000e\000\040\000W\000o\000r\000k\000\040\000a\000n\000d\000\040\000O\000p\000e\000n\000\040\000D\000i\000r\000e\000c\000t\000i\000o\000n\000s}{}% 114
\BOOKMARK [1][-]{appendix.art7.8}{\376\377\000C\000o\000n\000c\000l\000u\000s\000i\000o\000n}{}% 115
